============================================================
  PIPELINE PALLETIZZAZIONE SLV STUCCHI
============================================================

[1/6] Parsing file ordine SAP...
